// Jest Snapshot v1, https://goo.gl/fbAQLP

exports[`TodoApp should render a todo list 1`] = `undefined`;
